model: 63963 units, 1590060 edges on cuda
readout: 16 groups, 13580 units; lamina inputs 5326
step     0 loss 28.1361 ds 23.9087 rate 0.944 DSI[T4aR] +0.069  1s
step    10 loss 24.0153 ds 22.0249 rate 0.798 DSI[T4aR] -0.018  5s
step    20 loss 20.6931 ds 19.8722 rate 0.694 DSI[T4aR] +0.200  10s
step    30 loss 17.8950 ds 17.5325 rate 0.665 DSI[T4aR] -0.064  14s
step    40 loss 17.8917 ds 17.6311 rate 0.672 DSI[T4aR] -0.250  19s
step    50 loss 18.7019 ds 18.4769 rate 0.689 DSI[T4aR] -0.314  23s
step    60 loss 17.3158 ds 17.1249 rate 0.701 DSI[T4aR] +0.016  28s
step    70 loss 17.6209 ds 17.4034 rate 0.731 DSI[T4aR] -0.285  32s
step    80 loss 17.4974 ds 17.2509 rate 0.761 DSI[T4aR] -0.008  36s
step    90 loss 17.4105 ds 17.2164 rate 0.759 DSI[T4aR] +0.228  41s
step   100 loss 16.1332 ds 15.9011 rate 0.778 DSI[T4aR] +0.010  45s
step   110 loss 16.5990 ds 16.4447 rate 0.755 DSI[T4aR] +0.278  50s
step   120 loss 16.7016 ds 16.5426 rate 0.760 DSI[T4aR] +0.091  54s
step   130 loss 15.4073 ds 15.2272 rate 0.775 DSI[T4aR] +0.254  59s
step   140 loss 14.1877 ds 14.0224 rate 0.770 DSI[T4aR] -0.094  63s
step   150 loss 15.4209 ds 15.2172 rate 0.798 DSI[T4aR] -0.146  68s
step   160 loss 16.6091 ds 16.4345 rate 0.798 DSI[T4aR] -0.086  72s
step   170 loss 16.1442 ds 15.9561 rate 0.810 DSI[T4aR] -0.201  77s
step   180 loss 16.3366 ds 16.1349 rate 0.822 DSI[T4aR] +0.106  81s
step   190 loss 14.5431 ds 14.2662 rate 0.838 DSI[T4aR] +0.007  86s
step   200 loss 14.7341 ds 14.4978 rate 0.829 DSI[T4aR] -0.407  90s
step   210 loss 15.6346 ds 15.4871 rate 0.806 DSI[T4aR] -0.189  95s
step   220 loss 14.8501 ds 14.6597 rate 0.822 DSI[T4aR] +0.153  99s
step   230 loss 13.8731 ds 13.6604 rate 0.843 DSI[T4aR] -0.249  104s
step   240 loss 14.2024 ds 13.9931 rate 0.840 DSI[T4aR] -0.352  108s
step   250 loss 14.5318 ds 14.3036 rate 0.839 DSI[T4aR] +0.357  113s
step   260 loss 14.1900 ds 13.9640 rate 0.844 DSI[T4aR] -0.199  117s
step   270 loss 13.1069 ds 12.8654 rate 0.839 DSI[T4aR] +0.194  122s
step   280 loss 13.5003 ds 13.2473 rate 0.847 DSI[T4aR] +0.245  126s
step   290 loss 16.1031 ds 15.8580 rate 0.845 DSI[T4aR] +0.560  131s
step   300 loss 13.8423 ds 13.5902 rate 0.843 DSI[T4aR] +0.114  135s
step   310 loss 12.9463 ds 12.6246 rate 0.834 DSI[T4aR] +0.148  140s
step   320 loss 13.6333 ds 13.3563 rate 0.815 DSI[T4aR] +0.110  144s
step   330 loss 14.9100 ds 14.7323 rate 0.805 DSI[T4aR] +0.126  149s
step   340 loss 15.5264 ds 15.2673 rate 0.821 DSI[T4aR] +0.458  153s
step   350 loss 14.3027 ds 13.9528 rate 0.840 DSI[T4aR] -0.329  158s
step   360 loss 13.4133 ds 13.1552 rate 0.830 DSI[T4aR] +0.279  162s
step   370 loss 13.3986 ds 13.0808 rate 0.830 DSI[T4aR] +0.328  167s
step   380 loss 10.9175 ds 10.6486 rate 0.809 DSI[T4aR] +0.018  171s
step   390 loss 12.6913 ds 12.3890 rate 0.806 DSI[T4aR] +0.288  176s
step   400 loss 14.4130 ds 14.1054 rate 0.806 DSI[T4aR] -0.087  180s
step   410 loss 12.8411 ds 12.4637 rate 0.821 DSI[T4aR] +0.283  185s
step   420 loss 11.6138 ds 11.2371 rate 0.815 DSI[T4aR] +0.329  189s
step   430 loss 12.3382 ds 11.9772 rate 0.810 DSI[T4aR] +0.111  194s
step   440 loss 10.7460 ds 10.3100 rate 0.821 DSI[T4aR] +0.258  198s
step   450 loss 10.9389 ds 10.5531 rate 0.809 DSI[T4aR] +0.093  203s
step   460 loss 10.2261 ds 9.8052 rate 0.805 DSI[T4aR] +0.014  207s
step   470 loss 11.6149 ds 11.1449 rate 0.805 DSI[T4aR] +0.239  211s
step   480 loss 11.8786 ds 11.4727 rate 0.806 DSI[T4aR] +0.009  216s
step   490 loss 11.2721 ds 10.7921 rate 0.818 DSI[T4aR] +0.427  220s
step   500 loss 11.1529 ds 10.6492 rate 0.814 DSI[T4aR] +0.081  225s
step   510 loss 11.9454 ds 11.4438 rate 0.805 DSI[T4aR] +0.547  229s
step   520 loss 11.7673 ds 11.2952 rate 0.801 DSI[T4aR] +0.176  234s
step   530 loss 10.8401 ds 10.4284 rate 0.802 DSI[T4aR] -0.083  238s
step   540 loss 10.6390 ds 10.0522 rate 0.829 DSI[T4aR] +0.215  243s
step   550 loss 12.7174 ds 12.3313 rate 0.812 DSI[T4aR] +0.222  247s
step   560 loss 12.2748 ds 11.7543 rate 0.807 DSI[T4aR] +0.231  252s
step   570 loss 10.8683 ds 10.4555 rate 0.794 DSI[T4aR] +0.389  256s
step   580 loss 11.1410 ds 10.5373 rate 0.820 DSI[T4aR] +0.220  261s
step   590 loss 10.7289 ds 10.3267 rate 0.806 DSI[T4aR] +0.245  265s
step   600 loss 9.8977 ds 9.4104 rate 0.800 DSI[T4aR] +0.270  270s
step   610 loss 10.2714 ds 9.7408 rate 0.802 DSI[T4aR] +0.046  274s
step   620 loss 9.7748 ds 9.2860 rate 0.808 DSI[T4aR] +0.233  279s
step   630 loss 10.9753 ds 10.5625 rate 0.805 DSI[T4aR] +0.034  283s
step   640 loss 10.6242 ds 9.9800 rate 0.814 DSI[T4aR] +0.282  288s
step   650 loss 9.2266 ds 8.8504 rate 0.805 DSI[T4aR] -0.088  292s
step   660 loss 9.3095 ds 8.7336 rate 0.818 DSI[T4aR] +0.128  297s
step   670 loss 9.2452 ds 8.4114 rate 0.836 DSI[T4aR] +0.488  301s
step   680 loss 9.9759 ds 9.4370 rate 0.800 DSI[T4aR] +0.128  306s
step   690 loss 9.9414 ds 9.3197 rate 0.794 DSI[T4aR] +0.232  310s
step   700 loss 10.5082 ds 10.0965 rate 0.783 DSI[T4aR] +0.552  315s
step   710 loss 9.5699 ds 9.0526 rate 0.806 DSI[T4aR] +0.154  319s
step   720 loss 10.9322 ds 10.4478 rate 0.808 DSI[T4aR] -0.277  324s
step   730 loss 8.8295 ds 8.2249 rate 0.808 DSI[T4aR] +0.677  328s
step   740 loss 10.1057 ds 9.6309 rate 0.782 DSI[T4aR] +0.428  333s
step   750 loss 10.1380 ds 9.6925 rate 0.779 DSI[T4aR] +0.366  337s
step   760 loss 8.2141 ds 7.6700 rate 0.796 DSI[T4aR] +0.551  342s
step   770 loss 10.0892 ds 9.5315 rate 0.797 DSI[T4aR] +0.544  346s
step   780 loss 9.0564 ds 8.5025 rate 0.794 DSI[T4aR] +0.347  351s
step   790 loss 10.0563 ds 9.5647 rate 0.786 DSI[T4aR] +0.248  355s
step   800 loss 10.4550 ds 9.9476 rate 0.781 DSI[T4aR] +0.478  360s
step   810 loss 10.6270 ds 10.1052 rate 0.778 DSI[T4aR] -0.091  364s
step   820 loss 9.8780 ds 9.3025 rate 0.786 DSI[T4aR] +0.669  369s
step   830 loss 9.4085 ds 8.8564 rate 0.800 DSI[T4aR] -0.308  373s
step   840 loss 9.0271 ds 8.3956 rate 0.805 DSI[T4aR] -0.041  378s
step   850 loss 8.3590 ds 7.7165 rate 0.809 DSI[T4aR] +0.423  382s
step   860 loss 9.1742 ds 8.5201 rate 0.804 DSI[T4aR] -0.263  387s
step   870 loss 9.2127 ds 8.6304 rate 0.808 DSI[T4aR] +0.371  391s
step   880 loss 8.1278 ds 7.5094 rate 0.795 DSI[T4aR] +0.462  396s
step   890 loss 9.9995 ds 9.5837 rate 0.785 DSI[T4aR] +0.033  400s
step   900 loss 7.2239 ds 6.3746 rate 0.824 DSI[T4aR] +0.043  405s
step   910 loss 9.2787 ds 8.7463 rate 0.806 DSI[T4aR] -0.164  409s
step   920 loss 8.1772 ds 7.4977 rate 0.810 DSI[T4aR] +0.656  414s
step   930 loss 8.8473 ds 8.4250 rate 0.796 DSI[T4aR] +0.263  418s
step   940 loss 8.0990 ds 7.5666 rate 0.799 DSI[T4aR] +0.307  422s
step   950 loss 8.0866 ds 7.5362 rate 0.799 DSI[T4aR] +0.165  427s
step   960 loss 7.5627 ds 7.0383 rate 0.795 DSI[T4aR] +0.424  431s
step   970 loss 7.7599 ds 7.2446 rate 0.801 DSI[T4aR] -0.088  436s
step   980 loss 6.8652 ds 6.2844 rate 0.802 DSI[T4aR] +0.305  440s
step   990 loss 7.5861 ds 7.0273 rate 0.799 DSI[T4aR] +0.309  445s
step  1000 loss 8.5089 ds 7.8353 rate 0.803 DSI[T4aR] +0.053  449s
step  1010 loss 7.6668 ds 7.0903 rate 0.795 DSI[T4aR] +0.262  454s
step  1020 loss 7.6212 ds 7.0449 rate 0.803 DSI[T4aR] +0.053  458s
step  1030 loss 7.3326 ds 6.6511 rate 0.803 DSI[T4aR] +0.527  463s
step  1040 loss 7.4087 ds 6.7638 rate 0.800 DSI[T4aR] -0.211  467s
step  1050 loss 8.0863 ds 7.4567 rate 0.790 DSI[T4aR] +0.515  472s
step  1060 loss 7.2795 ds 6.5550 rate 0.802 DSI[T4aR] +0.496  476s
step  1070 loss 7.4676 ds 6.7392 rate 0.804 DSI[T4aR] +0.373  481s
step  1080 loss 7.6969 ds 6.8513 rate 0.817 DSI[T4aR] +0.288  485s
step  1090 loss 8.1429 ds 7.5296 rate 0.805 DSI[T4aR] +0.083  490s
step  1100 loss 7.1856 ds 6.5876 rate 0.803 DSI[T4aR] +0.283  494s
step  1110 loss 6.8470 ds 6.0981 rate 0.821 DSI[T4aR] +0.361  499s
step  1120 loss 6.8883 ds 6.1119 rate 0.817 DSI[T4aR] +0.389  503s
step  1130 loss 7.8095 ds 7.2176 rate 0.805 DSI[T4aR] +0.365  508s
step  1140 loss 7.1515 ds 6.6001 rate 0.795 DSI[T4aR] +0.318  512s
step  1150 loss 5.6133 ds 4.8797 rate 0.823 DSI[T4aR] +0.267  517s
step  1160 loss 6.5595 ds 5.7768 rate 0.813 DSI[T4aR] +0.025  521s
step  1170 loss 6.7746 ds 6.0220 rate 0.816 DSI[T4aR] +0.289  526s
step  1180 loss 6.5799 ds 5.8771 rate 0.814 DSI[T4aR] +0.480  530s
step  1190 loss 6.6494 ds 5.9302 rate 0.813 DSI[T4aR] +0.477  535s
step  1200 loss 6.1222 ds 5.3568 rate 0.819 DSI[T4aR] +0.415  539s
step  1210 loss 4.9860 ds 4.0729 rate 0.832 DSI[T4aR] +0.347  544s
step  1220 loss 6.1660 ds 5.3698 rate 0.813 DSI[T4aR] -0.061  548s
step  1230 loss 6.0530 ds 5.2435 rate 0.823 DSI[T4aR] +0.153  553s
step  1240 loss 5.8120 ds 4.9146 rate 0.833 DSI[T4aR] +0.425  557s
step  1250 loss 6.2396 ds 5.4984 rate 0.809 DSI[T4aR] -0.011  562s
step  1260 loss 6.4922 ds 5.6636 rate 0.809 DSI[T4aR] +0.423  566s
step  1270 loss 4.8419 ds 3.8232 rate 0.833 DSI[T4aR] +0.277  571s
step  1280 loss 5.7073 ds 4.8725 rate 0.813 DSI[T4aR] +0.160  575s
step  1290 loss 5.4136 ds 4.6234 rate 0.808 DSI[T4aR] +0.348  580s
step  1300 loss 7.1882 ds 6.5439 rate 0.807 DSI[T4aR] +0.434  584s
step  1310 loss 8.1110 ds 7.4676 rate 0.792 DSI[T4aR] +0.271  589s
step  1320 loss 4.9845 ds 4.2115 rate 0.807 DSI[T4aR] +0.360  593s
step  1330 loss 6.3357 ds 5.5167 rate 0.809 DSI[T4aR] +0.130  598s
step  1340 loss 4.7317 ds 3.9562 rate 0.788 DSI[T4aR] +0.295  602s
step  1350 loss 4.7247 ds 3.8264 rate 0.807 DSI[T4aR] +0.387  607s
step  1360 loss 5.8999 ds 5.0583 rate 0.795 DSI[T4aR] +0.170  611s
step  1370 loss 5.6393 ds 4.8456 rate 0.793 DSI[T4aR] +0.296  616s
step  1380 loss 4.3076 ds 3.3546 rate 0.814 DSI[T4aR] +0.431  620s
step  1390 loss 6.0377 ds 5.4219 rate 0.774 DSI[T4aR] +0.207  625s
step  1400 loss 5.7638 ds 5.0671 rate 0.803 DSI[T4aR] +0.083  629s
step  1410 loss 5.4713 ds 4.7270 rate 0.778 DSI[T4aR] +0.242  634s
step  1420 loss 4.9906 ds 4.1477 rate 0.794 DSI[T4aR] +0.453  638s
step  1430 loss 5.6255 ds 4.8890 rate 0.789 DSI[T4aR] +0.311  643s
step  1440 loss 5.3103 ds 4.3767 rate 0.784 DSI[T4aR] +0.198  647s
step  1450 loss 5.5130 ds 4.7456 rate 0.781 DSI[T4aR] +0.387  652s
step  1460 loss 4.4036 ds 3.4622 rate 0.790 DSI[T4aR] +0.112  656s
step  1470 loss 5.2518 ds 4.5554 rate 0.782 DSI[T4aR] +0.445  661s
step  1480 loss 4.4175 ds 3.3966 rate 0.798 DSI[T4aR] +0.429  665s
step  1490 loss 4.2086 ds 3.3903 rate 0.773 DSI[T4aR] +0.576  670s
step  1499 loss 4.0515 ds 3.0283 rate 0.786 DSI[T4aR] +0.410  674s
wrote runs/fit2-params.json
